
sub/test/sth1|Something-1 from sub/test
sub/test/sth2|Something-1 from sub/test
test1/test1-sth1|string sth1 from test1.csv
test1/test1-sth2|string sth2 from test1.csv
test2/test2-sth1|string sth1 from test2.csv
test2/test2-sth2|string sth2 from test2.csv